// Jest Snapshot v1, https://goo.gl/fbAQLP

exports[`App component matches snapshot 1`] = `
<Component
  theme={
    Object {
      "colors": Object {
        "black": "#000",
        "blue": "#004761",
        "green": "#8cd6bd",
        "white": "#fff",
      },
    }
  }
>
  <MainPage />
</Component>
`;
